
    -----------------------------------------------------------------------
          Psi4: An Open-Source Ab Initio Electronic Structure Package
                               Psi4 1.4a2.dev136 

                         Git: Rev {master} 1148d89 


    R. M. Parrish, L. A. Burns, D. G. A. Smith, A. C. Simmonett,
    A. E. DePrince III, E. G. Hohenstein, U. Bozkaya, A. Yu. Sokolov,
    R. Di Remigio, R. M. Richard, J. F. Gonthier, A. M. James,
    H. R. McAlexander, A. Kumar, M. Saitow, X. Wang, B. P. Pritchard,
    P. Verma, H. F. Schaefer III, K. Patkowski, R. A. King, E. F. Valeev,
    F. A. Evangelista, J. M. Turney, T. D. Crawford, and C. D. Sherrill,
    J. Chem. Theory Comput. 13(7) pp 3185--3197 (2017).
    (doi: 10.1021/acs.jctc.7b00174)


                         Additional Contributions by
    P. Kraus, H. Kruse, M. H. Lechner, M. C. Schieber, R. A. Shaw,
    A. Alenaizan, R. Galvelis, Z. L. Glick, S. Lehtola, and J. P. Misiewicz

    -----------------------------------------------------------------------


    Psi4 started on: Tuesday, 12 November 2019 03:14PM

    Process ID: 579
    Host:       connor-LIFEBOOK-T937
    PSIDATADIR: /usr/share/psi4
    Memory:     500.0 MiB
    Threads:    1
    
  ==> Input File <==

--------------------------------------------------------------------------
# This is a psi4 input file auto-generated for MLQM.
import json
import psi4
psi4.core.set_output_file("/home/connor/git/lml/mlqm/tests/example_pes/517635364130931366/output.dat")

mol = psi4.geometry("""
0 1
H@1.00782503223 0.0 0.0 -0.9690045263573914
F@18.99840316273 0.0 0.0 0.05140363690791484
""")

psi4.set_options(
{'basis': '6-311g'}
)

e, wfn = psi4.energy("MP2",return_wfn=True)

with open("/home/connor/git/lml/mlqm/tests/example_pes/517635364130931366/output.json","w+") as dumpf:
   json.dump(psi4.core.variables(), dumpf, indent=4)

--------------------------------------------------------------------------
